[0m14:49:07.734160 [debug] [MainThread]: Sending event: {'category': 'dbt', 'action': 'invocation', 'label': 'start', 'context': [<snowplow_tracker.self_describing_json.SelfDescribingJson object at 0x745f34f68740>, <snowplow_tracker.self_describing_json.SelfDescribingJson object at 0x745f37637c20>, <snowplow_tracker.self_describing_json.SelfDescribingJson object at 0x745f34ae84a0>]}


============================== 14:49:07.738417 | 102cae74-6fea-43ee-951b-86634ca95c4b ==============================
[0m14:49:07.738417 [info ] [MainThread]: Running with dbt=1.11.6
[0m14:49:07.739008 [debug] [MainThread]: running dbt with arguments {'write_json': 'True', 'cache_selected_only': 'False', 'send_anonymous_usage_stats': 'True', 'version_check': 'True', 'partial_parse': 'True', 'debug': 'False', 'log_path': 'logs', 'warn_error_options': 'WarnErrorOptionsV2(error=[], warn=[], silence=[])', 'target_path': 'None', 'printer_width': '80', 'invocation_command': 'dbt init movie_analytics', 'warn_error': 'None', 'no_print': 'None', 'introspect': 'True', 'use_colors': 'True', 'static_parser': 'True', 'use_experimental_parser': 'False', 'log_cache_events': 'False', 'fail_fast': 'False', 'indirect_selection': 'eager', 'quiet': 'False', 'empty': 'None', 'log_format': 'default', 'profiles_dir': '/home/alessio/.dbt'}
[0m14:49:07.752792 [debug] [MainThread]: Starter project path: /home/alessio/Documents/pyvenv/dbt_venv/lib/python3.12/site-packages/dbt/include/starter_project
[0m14:49:07.755823 [info ] [MainThread]: 
Your new dbt project "movie_analytics" was created!

For more information on how to configure the profiles.yml file,
please consult the dbt documentation here:

  https://docs.getdbt.com/docs/configure-your-profile

One more thing:

Need help? Don't hesitate to reach out to us via GitHub issues or on Slack:

  https://community.getdbt.com/

Happy modeling!

[0m14:49:07.756337 [info ] [MainThread]: Setting up your profile.
[0m14:49:27.322639 [info ] [MainThread]: Profile movie_analytics written to /home/alessio/.dbt/profiles.yml using target's sample configuration. Once updated, you'll be able to start developing with dbt.
[0m14:49:27.323790 [debug] [MainThread]: Resource report: {"command_name": "init", "command_success": true, "command_wall_clock_time": 19.65273, "process_in_blocks": "56312", "process_kernel_time": 0.113534, "process_mem_max_rss": "129380", "process_out_blocks": "72", "process_user_time": 1.54025}
[0m14:49:27.324492 [debug] [MainThread]: Command `dbt init` succeeded at 14:49:27.324382 after 19.65 seconds
[0m14:49:27.324911 [debug] [MainThread]: Sending event: {'category': 'dbt', 'action': 'invocation', 'label': 'end', 'context': [<snowplow_tracker.self_describing_json.SelfDescribingJson object at 0x745f34f02e10>, <snowplow_tracker.self_describing_json.SelfDescribingJson object at 0x745f3462e7e0>, <snowplow_tracker.self_describing_json.SelfDescribingJson object at 0x745f3462e450>]}
[0m14:49:27.325392 [debug] [MainThread]: Flushing usage events
[0m14:49:28.768024 [debug] [MainThread]: An error was encountered while trying to flush usage events
